Java HotSpot(TM) 64-Bit Server VM (25.101-b13) for windows-amd64 JRE (1.8.0_101-b13), built on Jun 22 2016 01:21:29 by "java_re" with MS VC++ 10.0 (VS2010)
Memory: 4k page, physical 8295652k(2288708k free), swap 18569508k(6009520k free)
CommandLine flags: -XX:InitialHeapSize=62914560 -XX:MaxHeapSize=62914560 -XX:+PrintGC -XX:+PrintGCDetails -XX:+PrintGCTimeStamps -XX:SurvivorRatio=8 -XX:+UseCompressedClassPointers -XX:+UseCompressedOops -XX:-UseLargePagesIndividualAllocation -XX:+UseParallelGC 
5.969: [GC (Allocation Failure) [PSYoungGen: 16284K->2040K(18432K)] 16284K->12876K(59392K), 0.0088387 secs] [Times: user=0.11 sys=0.00, real=0.01 secs] 
14.664: [GC (Allocation Failure) [PSYoungGen: 18424K->2044K(18432K)] 29260K->29191K(59392K), 0.0053548 secs] [Times: user=0.00 sys=0.00, real=0.01 secs] 
14.676: [Full GC (Ergonomics) [PSYoungGen: 2044K->0K(18432K)] [ParOldGen: 27147K->28777K(40960K)] 29191K->28777K(59392K), [Metaspace: 3810K->3810K(1056768K)], 0.0084703 secs] [Times: user=0.13 sys=0.00, real=0.01 secs] 
22.779: [Full GC (Ergonomics) [PSYoungGen: 16342K->4000K(18432K)] [ParOldGen: 28777K->40768K(40960K)] 45120K->44769K(59392K), [Metaspace: 3810K->3810K(1056768K)], 0.0159727 secs] [Times: user=0.13 sys=0.00, real=0.02 secs] 
Heap
 PSYoungGen      total 18432K, used 10678K [0x00000000fec00000, 0x0000000100000000, 0x0000000100000000)
  eden space 16384K, 65% used [0x00000000fec00000,0x00000000ff66d9c0,0x00000000ffc00000)
  from space 2048K, 0% used [0x00000000ffe00000,0x00000000ffe00000,0x0000000100000000)
  to   space 2048K, 0% used [0x00000000ffc00000,0x00000000ffc00000,0x00000000ffe00000)
 ParOldGen       total 40960K, used 40768K [0x00000000fc400000, 0x00000000fec00000, 0x00000000fec00000)
  object space 40960K, 99% used [0x00000000fc400000,0x00000000febd03f8,0x00000000fec00000)
 Metaspace       used 3816K, capacity 4536K, committed 4864K, reserved 1056768K
  class space    used 420K, capacity 428K, committed 512K, reserved 1048576K
